[walls.io/7DkiSegd6.html]
[backblue.gif]
[fade.gif]
[index.html]
[walls.io/favicon.ico]
[walls.io/css/fontawesome-wallsioa708.css]
[walls.io/index.html]
[walls.io/slimproxy/index87d9.html]
[walls.io/css/wall-fluida708.css]
[www.google-analytics.com/analytics.js]
[walls.io/static/colorschemes/fluid-lightf968.css]
[walls.io/login.html]
[ajax.googleapis.com/ajax/libs/jquery/3.2.1/jquery.slim.min.js]
[walls.io/js/wall-fluid-libsa708.js]
[walls.io/js/messages-frontend-en_USa708.js]
[walls.io/7DkiSegd6.html]
[walls.io/js/wall-fluida708.js]
[walls.io/build/vendor/fontawesome-landing-636e20385aebd976d2b927dc77b20029.css]
[walls.io/build/css/app-f76a220f39eb12b3ee52b9625a47f61c.css]
[walls.io/404]
[walls.io/build/img/og-home.png]
[walls.io/features-and-pricing.html]
[walls.io/contact.html]
[walls.io/sign-up.html]
[walls.io/hashtag-campaigns.html]
[walls.io/events.html]
[walls.io/brands.html]
[walls.io/twitter-walls.html]
[walls.io/instagram-hashtag-walls.html]
[walls.io/wedding-hashtag-walls.html]
[walls.io/api-projects.html]
[walls.io/branding-and-presskit.html]
[walls.io/terms.html]
[walls.io/privacy.html]
[walls.io/build/img/fallback-hashtag-video-walls.io.jpg]
[walls.io/build/video/walls.io-social-wall.mp4]
[walls.io/build/video/captions/home-sub.vtt]
[walls.io/build/img/all-social-media-platforms-channels.png]
[walls.io/build/img/walls.io-social-media-marketing.png]
[walls.io/build/img/social-wall-twitter-wall-widget.png]
[walls.io/build/img/hashtag-campaigns-social-marketing-walls.io.png]
[walls.io/build/img/event-wall-twitter-wall-audience-walls.io.png]
[walls.io/build/img/brand-widget-awareness-social-media-hub-walls.io.png]
[walls.io/build/img/api-access-social-content-visualize-walls.io.png]
[walls.io/build/img/social-wall-em2016.jpg]
[walls.io/pokemongo.html]
[walls.io/build/img/social-wall-pokemon.jpg]
[walls.io/starbucks.html]
[walls.io/build/img/social-wall-starbucks.jpg]
[walls.io/barcamp.html]
[walls.io/build/img/social-wall-barcamps.jpg]
[walls.io/build/img/walls.io-twitter-wall-price.jpg]
[walls.io/register.html]
[blog.walls.io/wp-content/uploads/sites/12/2017/07/Custom-Social-Media-Wall-API-Integration-—-Turning-Facebook-Posts-into-Travel-Booking-Offers--512x269.jpg]
[blog.walls.io/wp-content/uploads/sites/12/2017/08/controller-512x269.jpg]
[blog.walls.io/wp-content/uploads/sites/12/2017/07/7-Simple-Rules-to-Succeeding-on-Social-Media-Here’s-Your-One-Size-Fits-All-Social-Media-Marketing-Strategy--512x288.jpg]
[blog.walls.io/wp-content/uploads/sites/12/2017/07/wallsio-summer-update-2017-1-512x269.jpg]
[blog.walls.io/wp-content/uploads/sites/12/2017/07/jake-thacker-113197-512x341.jpg]
[blog.walls.io/wp-content/uploads/sites/12/2017/06/Everything-You-Need-to-Know-about-Musical.ly-—-the-Trend-App-You-May-Not-Even-Have-Heard-of-Yet-512x269.png]
[walls.io/build/img/walls.io-showcase-ihatejeffsy.jpg]
[walls.io/build/img/walls.io-showcase-barcamps.jpg]
[walls.io/build/img/Fabian-Ziemer-Walls.io-testimonial.jpg]
[walls.io/build/img/alison_benney.jpg]
[walls.io/build/img/twitter-wall-code-background.jpg]
[walls.io/build/img/walls.io-support-background.jpg]
[walls.io/build/img/walls.io-support-info-ray-singca.jpg]
[walls.io/build/img/footer_bg.jpg]
[ajax.googleapis.com/ajax/libs/jquery/3.1.0/jquery.min.js]
[walls.io/build/js/vendor-7233d3a828420003beda6614d068f520.js]
[walls.io/build/js/app-aa302b8f98a850ea8cb95abf190e27d4.js]
[www.googleadservices.com/pagead/f.txt]
[walls.io/index.html]
[walls.io/css/fontawesome-wallsioa708.css]
[walls.io/css/wall-fluida708.css]
[walls.io/static/colorschemes/fluid-lightf968.css]
[walls.io/build/js/messages-en-c3b4348c2de9c5a452d274d4f2d569ce.js]
[walls.io/img/logo_1200x700be90.png]
[walls.io/css/maina708.css]
[ajax.googleapis.com/ajax/libs/jquery/3.0.0/jquery.min.js]
[walls.io/recovery.html]
[walls.io/js/frameworka708.js]
[cdnjs.cloudflare.com/ajax/libs/datejs/1.0/date.min.js]
[walls.io/js/framework-admin-extrasa708.js]
[walls.io/js/vendor.bundlea708.js]
[walls.io/js/messagesa708.js]
[static.intercomcdn.com/intercom.v1.js]
[connect.facebook.net/en_US/sdk.js]
[walls.io/js/appa708.js]
[walls.io/login.html]
[walls.io/build/vendor/fontawesome-landing-636e20385aebd976d2b927dc77b20029.css]
[walls.io/js/maina708.js]
[walls.io/build/img/fake-grid.png]
[walls.io/build/img/walls.io-logo-transparent.svg]
[walls.io/build/img/fallback-404-video.walls.io.jpg]
[walls.io/build/img/fallback-api-video-walls.io.jpg]
[walls.io/build/img/fallback-brands-video-walls.io.jpg]
[walls.io/build/img/fallback-events-video-walls.io.jpg]
[walls.io/build/img/fallback-wedding-video-walls.io.jpg]
[walls.io/build/img/footer-wedding.jpg]
[walls.io/build/css/app-f76a220f39eb12b3ee52b9625a47f61c.css]
[walls.io/404.html]
[www.googletagmanager.com/gtm5445.html]
[walls.io/travel0f51.html]
[walls.io/travel9466.html]
[walls.io/traveld826.html]
[walls.io/travel137a.html]
[walls.io/features-and-pricing.html]
[walls.io/contact.html]
[walls.io/build/video/hashtagcampaigns-walls.io-twitter-wall.mp4]
[walls.io/sign-up.html]
[walls.io/build/img/og-hashtag-campaigns.png]
[walls.io/build/video/walls.io-hashtag-social-wall.m4v]
[walls.io/build/video/captions/hashtag-sub.vtt]
[walls.io/build/js/zxcvbn-3432542d40752dedd78fc47ca0ed7992.js]
[walls.io/build/img/usecase-hashtag-campaigns-social-marketing-walls.io.png]
[walls.io/hashtag-campaigns.html]
[walls.io/build/img/og-events.png]
[walls.io/build/video/events-walls.io-twitter-wall.mp4]
[walls.io/build/video/walls.io-events-social-wall.m4v]
[walls.io/build/video/captions/event-sub.vtt]
[walls.io/build/img/usecase-events-wall-twitter-wall-audience-walls.io.png]
[walls.io/events.html]
[walls.io/build/img/og-brands.png]
[walls.io/build/video/brands-walls.io-twitter-wall.mp4]
[walls.io/build/video/walls.io-brand-social-wall.m4v]
[walls.io/build/video/captions/brand-sub.vtt]
[walls.io/build/img/usecase-brand-widget-awareness-social-media-hub-walls.io.png]
[walls.io/brands.html]
[walls.io/build/img/og-twitter-walls.png]
[walls.io/build/img/usecase-event-twitter-wall-audience-walls.io.png]
[walls.io/twitter-walls.html]
[walls.io/build/img/og-instagram-hashtag-walls.png]
[walls.io/build/img/usecase-instagram-hashtag-campaigns-social-marketing-walls.io.png]
[walls.io/instagram-hashtag-walls.html]
[walls.io/build/img/og-wedding.png]
[walls.io/build/video/walls.io-wedding-social-wall.mp4]
[walls.io/build/img/usecase-wedding-hashtag-marriage-event-walls.io.png]
[walls.io/build/img/walls.io-showcase-wedding.jpg]
[walls.io/7BgknW8p8.html]
[walls.io/wedding-hashtag-walls.html]
[walls.io/build/img/og-api.png]
[walls.io/build/video/api-projects-walls.io-twitter-wall.mp4]
[walls.io/build/video/walls.io-api-project-social-wall.mp4]
[walls.io/build/video/captions/api-project-sub.vtt]
[walls.io/build/img/usecase-api-access-social-content-visualize-walls.io.png]
[walls.io/api-projects.html]
[walls.io/build/css/page-presskit-382a37625e58a3d7e49acaf8dd4af56c.css]
[walls.io/build/downloads/presskit/all.zip]
[walls.io/build/downloads/presskit/logo-variations.zip]
[walls.io/build/downloads/presskit/logo-variations/logo-normal.ps]
[walls.io/build/downloads/presskit/logo-variations/logo-normal.png]
[walls.io/build/downloads/presskit/logo-variations/logo-inverted.ps]
[walls.io/build/downloads/presskit/logo-variations/logo-inverted.png]
[walls.io/build/downloads/presskit/logo-variations/logo-blue.ps]
[walls.io/build/downloads/presskit/logo-variations/logo-blue.png]
[walls.io/build/downloads/presskit/logo-variations/logo-white.ps]
[walls.io/build/downloads/presskit/logo-variations/logo-white.png]
[walls.io/build/downloads/presskit/logo-variations/logo-transparent.ps]
[walls.io/build/downloads/presskit/logo-variations/logo-transparent.png]
[walls.io/build/downloads/presskit/logo-variations/inverted-transparent.ps]
[walls.io/build/downloads/presskit/logo-variations/inverted-transparent.png]
[walls.io/build/downloads/presskit/logo-variations/symbol-normal.ps]
[walls.io/build/downloads/presskit/logo-variations/symbol-normal.png]
[walls.io/build/downloads/presskit/logo-variations/symbol-inverted.ps]
[walls.io/build/downloads/presskit/logo-variations/symbol-inverted.png]
[walls.io/build/downloads/presskit/logo-variations/symbol-blue.ps]
[walls.io/build/downloads/presskit/logo-variations/symbol-blue.png]
[walls.io/build/downloads/presskit/logo-variations/symbol-white.ps]
[walls.io/build/downloads/presskit/logo-variations/symbol-white.png]
[walls.io/build/downloads/presskit/logo-variations/symbol-transparent.ps]
[walls.io/build/downloads/presskit/logo-variations/symbol-transparent.png]
[walls.io/build/downloads/presskit/logo-variations/symbol-inverted-transparent.ps]
[walls.io/build/downloads/presskit/logo-variations/symbol-inverted-transparent.png]
[walls.io/build/downloads/presskit/image-material.zip]
[walls.io/build/downloads/presskit/image-material/hero-image-crowd.png]
[walls.io/build/downloads/presskit/image-material/social-cluster.png]
[walls.io/build/downloads/presskit/image-material/walter-wink.png]
[walls.io/build/downloads/presskit/image-material/walter-robot.png]
[walls.io/build/downloads/presskit/image-material/walter-happy.png]
[walls.io/branding-and-presskit.html]
[walls.io/terms.html]
[walls.io/privacy.html]
[walls.io/files/walls/logo_sharing/zUgGInbOB42-1-1.png]
[walls.io/static/colorschemes/fluid-custom-21791979a.css]
[walls.io/css/walter-fluida708.css]
[walls.io/pokemongo8903.html]
[walls.io/img/walter-codebe90.png]
[walls.io/static/videos/walter11c6.webm]
[walls.io/static/videos/walter11c6.mp4]
[walls.io/pokemongo.html]
[walls.io/js/waltera708.js]
[walls.io/files/walls/logo_sharing/xIZKjgrsm52.jpg]
[walls.io/css/wall-kioska708.css]
[walls.io/static/colorschemes/kiosk-dynamic612b.css]
[walls.io/js/wall-kiosk-libsa708.js]
[walls.io/starbucks.html]
[walls.io/js/wall-kioska708.js]
[walls.io/files/walls/logo_sharing/Du6jGyjEr40.png]
[walls.io/barcamp8903.html]
[walls.io/barcamp.html]
[walls.io/register.html]
[walls.io/js/password-inputa708.js]
[walls.io/img/Vendor/bootstrap-colorpicker/saturation.png]
[walls.io/img/Vendor/bootstrap-colorpicker/hue.png]
[walls.io/img/Vendor/bootstrap-colorpicker/alpha.png]
[walls.io/img/Vendor/bootstrap-colorpicker/hue-horizontal.png]
[walls.io/img/Vendor/bootstrap-colorpicker/alpha-horizontal.png]
[walls.io/img/checkerboard.png]
[walls.io/css/maina708.css]
[walls.io/recovery.html]
[connect.facebook.net/en_US/sdk.js]
[walls.io/build/img/walls.io-logo-transparent.svg]
[walls.io/travel.html]
[walls.io/static/colorschemes/fluid-custom-21686979a.css]
[walls.io/slimproxy/index81df.html]
[walls.io/travel75b7.html]
[walls.io/travel0f51.html]
[walls.io/css/wall-grida708.css]
[walls.io/static/colorschemes/grid-classicf968.css]
[walls.io/css/walter-grida708.css]
[walls.io/travel1d8a.html]
[walls.io/travel9466.html]
[walls.io/js/wall-grida708.js]
[walls.io/travelb21e.html]
[walls.io/traveld826.html]
[walls.io/js/wall-grid-libsa708.js]
[walls.io/css/wall-mapa708.css]
[walls.io/static/colorschemes/map-classicf968.css]
[walls.io/travel7ae0.html]
[walls.io/js/wall-map-libsa708.js]
[walls.io/travel137a.html]
[walls.io/js/wall-mapa708.js]
[walls.io/static/colorschemes/fluid-classicf968.css]
[walls.io/slimproxy/indexe39d.html]
[walls.io/7BgknW8p88903.html]
[walls.io/7BgknW8p8.html]
[walls.io/build/img/fallback-api-project-video-walls.io.html]
[walls.io/js/messages-frontend-de_DEa708.js]
[walls.io/build/img/checkerboard.png]
[walls.io/build/img/crowd-download.jpg]
[walls.io/build/img/socialcluster-download.jpg]
[walls.io/build/img/walterface-download.jpg]
[walls.io/build/img/walterrobot-download.jpg]
[walls.io/build/img/walterhappy-download.jpg]
[walls.io/build/css/page-presskit-382a37625e58a3d7e49acaf8dd4af56c.css]
[walls.io/static/colorschemes/fluid-custom-21791979a.css]
[walls.io/css/walter-fluida708.css]
[walls.io/pokemongo7476.html]
[walls.io/pokemongo8903.html]
[walls.io/css/wall-kioska708.css]
[walls.io/static/colorschemes/kiosk-dynamic612b.css]
[walls.io/barcamp7476.html]
[walls.io/barcamp8903.html]
[walls.io/ABCDEFGHIJKLMNOPQRSTUVWXYZabcdefghijklmnopqrstuvwxyz0123456789+/index.html]
[walls.io/travel8903.html]
[walls.io/travel.html]
[walls.io/static/colorschemes/fluid-custom-21686979a.css]
[walls.io/travel834a.html]
[walls.io/travel75b7.html]
[walls.io/css/wall-grida708.css]
[walls.io/static/colorschemes/grid-classicf968.css]
[walls.io/css/walter-grida708.css]
[walls.io/travel44fe.html]
[walls.io/travel1d8a.html]
[walls.io/travelb21e.html]
[walls.io/css/wall-mapa708.css]
[walls.io/static/colorschemes/map-classicf968.css]
[walls.io/css/walter-map.html]
[walls.io/travel2ee0.html]
[walls.io/travel7ae0.html]
[walls.io/static/colorschemes/fluid-classicf968.css]
[walls.io/7BgknW8p87476.html]
[walls.io/7BgknW8p88903.html]
[walls.io/pokemongo7476.html]
[walls.io/barcamp7476.html]
[walls.io/travel7476.html]
[walls.io/travel8903.html]
[walls.io/travel834a.html]
[walls.io/travel44fe.html]
[walls.io/travel2ee0.html]
[walls.io/7BgknW8p87476.html]
[walls.io/travel7476.html]
